// Jest Snapshot v1, https://goo.gl/fbAQLP

exports[`HolaMundo Test should match snapshot 1`] = `
<div>
  <h1>
    bienvenida
  </h1>
</div>
`;
